---
source: tests/output_format.rs
expression: "render_app(&mut app, 60, 20)"
---
"┌ Diffview  0/5 confirmed ─────────────────────────────────┐"
"│┌ [ ] ▼ app/ ────────────────────────────────────────────▲│"
"││┌ [ ] ▼ core/engine/ ──────────────────────────────────┐█│"
"│││┌ [ ] ▼ processor.rs  M  +1 -0 ──────────────────────┐│█│"
"││││┌ [ ] +1 -0  @@ -1,5 +1,6 @@                        ││█│"
"│││││    1   fn process() {                             ││║│"
"│││││    2 +     validate_input();                      ││║│"
"│││││    2       let data = fetch();                    ││║│"
"│││││    3       transform(data);                       ││║│"
"│││││    4       store(data);                           ││║│"
"││││└    5   }                                          ││║│"
"│││└────────────────────────────────────────────────────┘│║│"
"││└──────────────────────────────────────────────────────┘║│"
"││┌ [ ] ▼ plugins/ ──────────────────────────────────────┐║│"
"│││┌ [ ] ▼ auth/ ───────────────────────────────────────┐│║│"
"│││└────────────────────────────────────────────────────┘│║│"
"││└──────────────────────────────────────────────────────┘║│"
"│└────────────────────────────────────────────────────────▼│"
"└──────────────────────────────────────────────────────────┘"
" ?:help Space:confirm Enter:confirm+next f:files ←→:fold q:q"
