---
source: tests/output_format.rs
expression: "render_app(&mut app, 60, 20)"
---
"┌ Diffview  0/6 confirmed ─────────────────────────────────┐"
"│┌ src/main.rs  M  +2 -0 ─────────────────────────────────┐│"
"││┌ [ ] +1 -0  @@ -1,4 +1,5 @@                            ││"
"│││    1   fn main() {                                    ││"
"│││    2 +     init_logger();                             ││"
"│││    2       let config = load();                       ││"
"│││    3       run(config);                               ││"
"││└    4   }                                              ││"
"││┌ [ ] +1 -0  @@ -20,3 +21,4 @@                          ││"
"│││   20   fn shutdown() {                                ││"
"│││   22 +     flush_logs();                              ││"
"│││   21       cleanup();                                 ││"
"││└   22   }                                              ││"
"││                                                        ││"
"││                                                        ││"
"││                                                        ││"
"││                                                        ││"
"│└────────────────────────────────────────────────────────┘│"
"└──────────────────────────────────────────────────────────┘"
" ?:help Space:confirm Enter:confirm+next f:files ←→:fold q:q"
