---
source: tests/output_format.rs
expression: "render_app(&mut app, 60, 20)"
---
"┌ Diffview  0/5 confirmed ─────────────────────────────────┐"
"│┌ [ ] ▶ app/ ────────────────────────────────────────────┐│"
"│└────────────────────────────────────────────────────────┘│"
"│                                                          │"
"│                                                          │"
"│                                                          │"
"│                                                          │"
"│                                                          │"
"│                                                          │"
"│                                                          │"
"│                                                          │"
"│                                                          │"
"│                                                          │"
"│                                                          │"
"│                                                          │"
"│                                                          │"
"│                                                          │"
"│                                                          │"
"└──────────────────────────────────────────────────────────┘"
" ?:help Space:confirm Enter:confirm+next f:files ←→:fold q:q"
