---
source: tests/output_format.rs
expression: "render_app(&mut app, 60, 20)"
---
"┌ [ ] ▶ app/ ──────────────────────────────────────────────┐"
"└──────────────────────────────────────────────────────────┘"
"                                                            "
"                                                            "
"                                                            "
"                                                            "
"                                                            "
"                                                            "
"                                                            "
"                                                            "
"                                                            "
"                                                            "
"                                                            "
"                                                            "
"                                                            "
"                                                            "
"                                                            "
"                                                            "
"                                                            "
" 0/5 files confirmed                                        "
