---
source: tests/output_format.rs
expression: "render_app(&mut app, 60, 25)"
---
"┌ Diffview  0/6 confirmed ─────────────────────────────────┐"
"│┌ [ ] ▼ assets/ ─────────────────────────────────────────▲│"
"││┌ [ ] ▶ logo.png  M BIN  2048 → 4096 bytes ────────────┐║│"
"││└──────────────────────────────────────────────────────┘║│"
"││┌ [ ] ▶ Cargo.lock  M  +1 -1 ──────────────────────────┐║│"
"││└──────────────────────────────────────────────────────┘║│"
"││┌ [ ] ▶ old_util.rs  D  +0 -3 ─────────────────────────┐║│"
"││└──────────────────────────────────────────────────────┘║│"
"││┌ [ ] ▼ utils.rs  R  +1 -0 ────────────────────────────┐║│"
"│││┌ [ ] +1 -0  @@ -5,3 +5,4 @@                          │█│"
"││││    5   fn assist() {                                │█│"
"││││    6 +     log_call();                              │█│"
"││││    6       do_work();                               │║│"
"│││└    7   }                                            │║│"
"││└──────────────────────────────────────────────────────┘║│"
"│└────────────────────────────────────────────────────────║│"
"│                                                         ║│"
"│                                                         ║│"
"│                                                         ║│"
"│                                                         ║│"
"│                                                         ║│"
"│                                                         ║│"
"│                                                         ▼│"
"└──────────────────────────────────────────────────────────┘"
" ?:help Space:confirm Enter:confirm+next f:files ←→:fold q:q"
