---
source: tests/output_format.rs
expression: "render_app(&mut app, 60, 20)"
---
"┌ [ ] ▼ app/plugins/network/client.rs  M  +1 -0 ───────────▲"
"│┌ [ ] +1 -0  @@ -30,5 +30,6 @@                            ║"
"││   30   fn connect() {                                   ║"
"││   31 +     set_timeout(30);                             ║"
"││   31       let addr = resolve(host);                    ║"
"││   32       let sock = open(addr);                       ║"
"││   33       handshake(sock);                             ║"
"└──────────────────────────────────────────────────────────║"
"┌ [ ] ▼ app/plugins/logging/output.rs  M  +1 -0 ───────────║"
"│┌ [ ] +1 -0  @@ -40,5 +40,6 @@                            ║"
"││   40   fn write_log() {                                 ║"
"││   41 +     rotate_if_needed();                          ║"
"││   41       let msg = format_entry();                    ║"
"││   42       file.write(msg);                             ║"
"││   43       file.flush();                                ║"
"│└   44   }                                                █"
"└──────────────────────────────────────────────────────────█"
"                                                           █"
"                                                           ▼"
" 0/5 files confirmed                                        "
