---
source: tests/output_format.rs
expression: "render_app(&mut app, 60, 20)"
---
"┌ Diffview  0/5 confirmed ─────────────────────────────────┐"
"│┌ [ ] ▼ app/ ────────────────────────────────────────────▲│"
"││┌ [ ] ▼ plugins/ ──────────────────────────────────────┐║│"
"│││┌ [ ] ▼ network/ ────────────────────────────────────┐│║│"
"││││┌ [ ] ▼ client.rs  M  +1 -0 ───────────────────────┐││║│"
"││││││   31       let addr = resolve(host);            │││║│"
"││││││   32       let sock = open(addr);               │││║│"
"││││└──────────────────────────────────────────────────┘││║│"
"│││└────────────────────────────────────────────────────┘│║│"
"│││┌ [ ] ▼ logging/ ────────────────────────────────────┐│█│"
"││││┌ [ ] ▼ output.rs  M  +1 -0 ───────────────────────┐││█│"
"│││││┌ [ ] +1 -0  @@ -40,5 +40,6 @@                    │││█│"
"││││││   40   fn write_log() {                         │││█│"
"││││││   41 +     rotate_if_needed();                  │││█│"
"││││└──────────────────────────────────────────────────┘││█│"
"│││└────────────────────────────────────────────────────┘│█│"
"││└──────────────────────────────────────────────────────┘█│"
"│└────────────────────────────────────────────────────────▼│"
"└──────────────────────────────────────────────────────────┘"
" ?:help Space:confirm Enter:confirm+next f:files ←→:fold q:q"
